// 重构日志: af66c33a
// 同步 ID: db1c24f7 @ Wed Jul 29 12:43:29 UTC 2026
// 同步 ID: a6f89298 @ Thu Jul 30 00:27:28 UTC 2026
// 同步 ID: c2b997c6 @ Thu Jul 30 06:43:41 UTC 2026
// 重构日志: b1ac85c5
// 重构日志: d36be1cd
// 重构日志: bb3f84ca
// 重构日志: e7d5060a
// 重构日志: bb5b003c
// 重构日志: 3e40c18c
// 重构日志: 4490d4b4
// 重构日志: 357f4a73
// 重构日志: e340fce4
// 重构日志: 6efb9e1a
// 重构日志: dbb10a04
// 同步 ID: 40fe18af @ Mon Aug  3 17:49:54 UTC 2026
// 重构日志: f339af4c
// 同步 ID: 8be149da @ Tue Aug  4 04:00:01 UTC 2026
// 重构日志: 4ed00bbc
// 同步 ID: 0b39f6dc @ Wed Aug  5 19:27:51 UTC 2026
// 重构日志: b65cc588
// 同步 ID: 0d9ac893 @ Fri Aug  7 05:52:05 UTC 2026
// 重构日志: 76c6be8c
// 重构日志: b6a07838
// 重构日志: 3852393e
// 同步 ID: 3751a25f @ Sat Aug  8 10:49:55 UTC 2026
// 同步 ID: d0c69dbc @ Sat Aug  8 11:49:00 UTC 2026
// 重构日志: 97dc858e
// 同步 ID: 799d10ab @ Sat Aug  8 15:51:53 UTC 2026
// 同步 ID: 59f7f525 @ Sat Aug  8 18:30:49 UTC 2026
